################################################################################
#                                                                              #
#      IAR Universal Linker V6.5.4.100                                         #
#                                                                              #
#           Link time     =  05/Mar/2020  15:49:14                             #
#           Target CPU    =  MSP430                                            #
#           List file     =  "C:\Users\LittleRandom\Documents\NCSU\3_Junior\Sp #
#                            ring Term 2020\ECE 306\Projects\Project 06\Debug\ #
#                            List\Project 06.map"                              #
#           Output file 1 =  "C:\Users\LittleRandom\Documents\NCSU\3_Junior\Sp #
#                            ring Term 2020\ECE 306\Projects\Project 06\Debug\ #
#                            Exe\Project 06.d43"                               #
#                            Format: ubrof10                                   #
#                            UBROF version 10.0.6                              #
#                            Using library modules for C-SPY (-rt)             #
#           Command line  =  -f                                                #
#                            C:\Users\LITTLE~1\AppData\Local\Temp\EWB7C5.tmp   #
#                            ("C:\Users\LittleRandom\Documents\NCSU\3_Junior\S #
#                            pring Term 2020\ECE 306\Projects\Project 06\Debug #
#                            \Obj\blackline.r43"                               #
#                            "C:\Users\LittleRandom\Documents\NCSU\3_Junior\Sp #
#                            ring Term 2020\ECE 306\Projects\Project 06\Debug\ #
#                            Obj\clocks.r43"                                   #
#                            "C:\Users\LittleRandom\Documents\NCSU\3_Junior\Sp #
#                            ring Term 2020\ECE 306\Projects\Project 06\Debug\ #
#                            Obj\convert_ADC_HEX.r43"                          #
#                            "C:\Users\LittleRandom\Documents\NCSU\3_Junior\Sp #
#                            ring Term 2020\ECE 306\Projects\Project 06\Debug\ #
#                            Obj\follow_black_line.r43"                        #
#                            "C:\Users\LittleRandom\Documents\NCSU\3_Junior\Sp #
#                            ring Term 2020\ECE 306\Projects\Project 06\Debug\ #
#                            Obj\init.r43"                                     #
#                            "C:\Users\LittleRandom\Documents\NCSU\3_Junior\Sp #
#                            ring Term 2020\ECE 306\Projects\Project 06\Debug\ #
#                            Obj\interrupts_ADC.r43"                           #
#                            "C:\Users\LittleRandom\Documents\NCSU\3_Junior\Sp #
#                            ring Term 2020\ECE 306\Projects\Project 06\Debug\ #
#                            Obj\interrupts_ports.r43"                         #
#                            "C:\Users\LittleRandom\Documents\NCSU\3_Junior\Sp #
#                            ring Term 2020\ECE 306\Projects\Project 06\Debug\ #
#                            Obj\interrupts_timers.r43"                        #
#                            "C:\Users\LittleRandom\Documents\NCSU\3_Junior\Sp #
#                            ring Term 2020\ECE 306\Projects\Project 06\Compil #
#                            ed\LCD.r43"                                       #
#                            "C:\Users\LittleRandom\Documents\NCSU\3_Junior\Sp #
#                            ring Term 2020\ECE 306\Projects\Project 06\Debug\ #
#                            Obj\LCD_intro.r43"                                #
#                            "C:\Users\LittleRandom\Documents\NCSU\3_Junior\Sp #
#                            ring Term 2020\ECE 306\Projects\Project 06\Debug\ #
#                            Obj\led.r43"                                      #
#                            "C:\Users\LittleRandom\Documents\NCSU\3_Junior\Sp #
#                            ring Term 2020\ECE 306\Projects\Project 06\Debug\ #
#                            Obj\main.r43"                                     #
#                            "C:\Users\LittleRandom\Documents\NCSU\3_Junior\Sp #
#                            ring Term 2020\ECE 306\Projects\Project 06\Debug\ #
#                            Obj\movement.r43"                                 #
#                            "C:\Users\LittleRandom\Documents\NCSU\3_Junior\Sp #
#                            ring Term 2020\ECE 306\Projects\Project 06\Debug\ #
#                            Obj\ports.r43"                                    #
#                            "C:\Users\LittleRandom\Documents\NCSU\3_Junior\Sp #
#                            ring Term 2020\ECE 306\Projects\Project 06\Debug\ #
#                            Obj\scratch.r43"                                  #
#                            "C:\Users\LittleRandom\Documents\NCSU\3_Junior\Sp #
#                            ring Term 2020\ECE 306\Projects\Project 06\Debug\ #
#                            Obj\switches.r43"                                 #
#                            "C:\Users\LittleRandom\Documents\NCSU\3_Junior\Sp #
#                            ring Term 2020\ECE 306\Projects\Project 06\Debug\ #
#                            Obj\system.r43"                                   #
#                            "C:\Users\LittleRandom\Documents\NCSU\3_Junior\Sp #
#                            ring Term 2020\ECE 306\Projects\Project 06\Debug\ #
#                            Obj\update_display_state.r43"                     #
#                            -o                                                #
#                            "C:\Users\LittleRandom\Documents\NCSU\3_Junior\Sp #
#                            ring Term 2020\ECE 306\Projects\Project 06\Debug\ #
#                            Exe\Project 06.d43"                               #
#                            -l                                                #
#                            "C:\Users\LittleRandom\Documents\NCSU\3_Junior\Sp #
#                            ring Term 2020\ECE 306\Projects\Project 06\Debug\ #
#                            List\Project 06.map"                              #
#                            -xesni                                            #
#                            "-IC:\Program Files (x86)\IAR Systems\Embedded Wo #
#                            rkbench 8.0\430\LIB\"                             #
#                            -f                                                #
#                            "C:\Program Files (x86)\IAR Systems\Embedded Work #
#                            bench 8.0\430\config\linker\lnk430fr2355.xcl"     #
#                            (-cmsp430 -QCODE_I=CODE_ID -QTLS16_I=TLS16_ID     #
#                            -D__iar_HWMUL=4C0 -Z(CONST)INFO=1800-19FF         #
#                            -Z(DATA)TINYRAM=0006-001F                         #
#                            -Z(DATA)DATA16_I,DATA16_Z,DATA16_N,TLS16_I=2000-2 #
#                            FFF                                               #
#                            -Z(DATA)CODE_I                                    #
#                            -Z(DATA)DATA20_I,DATA20_Z,DATA20_N                #
#                            -Z(DATA)CSTACK+_STACK_SIZE#                       #
#                            -Z(CONST)FRWP_B1,DATA16_P,DATA20_P=8000-FF7F      #
#                            -Z(DATA)DATA16_HEAP+_DATA16_HEAP_SIZE,DATA20_HEAP #
#                            +_DATA20_HEAP_SIZE,FRWP_B2                        #
#                            -Z(CONST)DATA16_C,DATA16_ID,TLS16_ID,DIFUNCT,CHEC #
#                            KSUM=8000-FF7F                                    #
#                            -Z(CONST)DATA20_C,DATA20_ID                       #
#                            -Z(CODE)CSTART,ISR_CODE,CODE_ID=8000-FF7F         #
#                            -P(CODE)CODE,CODE16=8000-FF7F                     #
#                            -Z(CONST)BSLCONFIGURATIONSIGNATURE=FF88-FF89      #
#                            -Z(CONST)BSLCONFIGURATION=FF8A-FF8B               #
#                            -Z(CONST)BSLI2CADDRESS=FFA0-FFA1                  #
#                            -Z(CONST)JTAGSIGNATURE=FF80-FF83                  #
#                            -Z(CONST)BSLSIGNATURE=FF84-FF87                   #
#                            -Z(CODE)INTVEC=FFA2-FFFF                          #
#                            -Z(CODE)RESET=FFFE-FFFF) -f                       #
#                            "C:\Program Files (x86)\IAR Systems\Embedded Work #
#                            bench 8.0\430\config\linker\multiplier32.xcl"     #
#                            (-e?Mul8Hw=?Mul8 -e?Mul16Hw=?Mul16                #
#                            -e?Mul16to32uHw=?Mul16to32u                       #
#                            -e?Mul16to32sHw=?Mul16to32s -e?Mul32Hw32=?Mul32   #
#                            -e?Mul64Hw32=_Mul64i                              #
#                            -e?Mul32u32uto64iHw32=_Mul32u32uto64i             #
#                            -e?Mul32fHw32=_Mul32f                             #
#                            -e_Mul64fHw32Ptr=_Mul64fPtr) -D_STACK_SIZE=A0     #
#                            -rt                                               #
#                            "C:\Program Files (x86)\IAR Systems\Embedded Work #
#                            bench 8.0\430\lib\dlib\dl430xlsfn.r43"            #
#                            -e_PrintfLarge=_Printf -e_ScanfLarge=_Scanf       #
#                            -D_DATA16_HEAP_SIZE=A0 -s __program_start         #
#                            -D_DATA20_HEAP_SIZE=50)                           #
#                                                                              #
#                           Copyright (C) 1987-2018 IAR Systems AB.            #
################################################################################





                ****************************************
                *                                      *
                *           CROSS REFERENCE            *
                *                                      *
                ****************************************

       Program entry at :           8072  Relocatable, from module : ?cstart




                ****************************************
                *                                      *
                *            RUNTIME MODEL             *
                *                                      *
                ****************************************

  __Heap_Handler             = Basic
  __SystemLibrary            = DLib
  __code_model               = large
  __core                     = 430X
  __data_model               = small
  __dlib_file_descriptor     = 0
  __dlib_full_locale_support = 0
  __double_size              = 32
  __pic                      = no
  __reg_r4                   = free
  __reg_r5                   = free
  __rt_version               = 3

                ****************************************
                *                                      *
                *    AUTOMATIC SYMBOL REDIRECTIONS     *
                *                                      *
                ****************************************

                  There are no automatic symbol redirections.

                ****************************************
                *                                      *
                *              ENTRY LIST              *
                *                                      *
                ****************************************

Module  Entry                              Address
------  -----                              -------
?FILLER_BYTES
?ABS_ENTRY_MOD
        _DATA20_HEAP_SIZE                   0050
        _DATA16_HEAP_SIZE                   00A0
        _STACK_SIZE                         00A0
        __iar_HWMUL                         04C0
blackline ( C:\Users\LittleRandom\Documents\NCSU\3_Junior\Spring Term 2020\ECE 306\Projects\Project 06\Debug\Obj\blackline.r43 )
        on_blackline                        NOT NEEDED
        blackline_position                  2004
        car_position                        2006
        follow_Flag                         2008
        check_BlackLine                     8F92
        position_BlackLine                  8796
        get_on_blackline                    85DE
        ?setjmp_save_r4                     NOT NEEDED
        ?setjmp_save_r5                     NOT NEEDED
clocks ( C:\Users\LittleRandom\Documents\NCSU\3_Junior\Spring Term 2020\ECE 306\Projects\Project 06\Debug\Obj\clocks.r43 )
        _A_CSCTL0_L                         0180
        _A_CSCTL1_L                         0182
        _A_CSCTL2_L                         0184
        _A_CSCTL3_L                         0186
        _A_CSCTL4_L                         0188
        _A_CSCTL5_L                         018A
        _A_CSCTL7_L                         018E
        _A_PM5CTL0_L                        0130
        _A_SFRIFG1_L                        0102
        _A_WDTCTL_L                         01CC
        Init_Clocks                         8D3A
        Software_Trim                       86BC
        ?setjmp_save_r4                     NOT NEEDED
        ?setjmp_save_r5                     NOT NEEDED
        CSCTL0                              0180
        CSCTL0_H                            0181
        CSCTL0_L                            0180
        CSCTL1                              0182
        CSCTL1_H                            0183
        CSCTL1_L                            0182
        CSCTL2                              0184
        CSCTL2_H                            0185
        CSCTL2_L                            0184
        CSCTL3                              0186
        CSCTL3_H                            0187
        CSCTL3_L                            0186
        CSCTL4                              0188
        CSCTL4_H                            0189
        CSCTL4_L                            0188
        CSCTL5                              018A
        CSCTL5_H                            018B
        CSCTL5_L                            018A
        CSCTL7                              018E
        CSCTL7_H                            018F
        CSCTL7_L                            018E
        PM5CTL0                             0130
        PM5CTL0_H                           0131
        PM5CTL0_L                           0130
        SFRIFG1                             0102
        SFRIFG1_H                           0103
        SFRIFG1_L                           0102
        WDTCTL                              01CC
        WDTCTL_H                            01CD
        WDTCTL_L                            01CC
convert_ADC_HEX ( C:\Users\LittleRandom\Documents\NCSU\3_Junior\Spring Term 2020\ECE 306\Projects\Project 06\Debug\Obj\convert_ADC_HEX.r43 )
        display_IR_reading_L                205C
        display_IR_reading_R                2067
        display_thumb                       2072
        one_sec                             207D
        ten_sec                             207E
        hun_sec                             207F
        hun_milli_sec                       2080
        Left_Average                        200A
        Right_Average                       200C
        right_detect1                       200E
        right_detect2                       2010
        right_detect3                       2012
        right_detect4                       2014
        right_detect5                       2016
        right_detect6                       2018
        right_detect7                       201A
        right_detect8                       201C
        left_detect1                        201E
        left_detect2                        2020
        left_detect3                        2022
        left_detect4                        2024
        left_detect5                        2026
        left_detect6                        2028
        left_detect7                        202A
        left_detect8                        202C
        convert_ADC                         91AA
        HEXtoBCD_right                      8A76
        HEXtoBCD_left                       8AFA
        HEXtoBCD_thumb                      8CD4
        average_left_thresh                 8E02
        average_right_thresh                8EB0
        HEXtoBCD_Clock                      8C68
        ?setjmp_save_r4                     NOT NEEDED
        ?setjmp_save_r5                     NOT NEEDED
follow_black_line ( C:\Users\LittleRandom\Documents\NCSU\3_Junior\Spring Term 2020\ECE 306\Projects\Project 06\Debug\Obj\follow_black_line.r43 )
        _A_TB3CCR1_L                        0454
        _A_TB3CCR2_L                        0456
        _A_TB3CCR3_L                        0458
        _A_TB3CCR4_L                        045A
        following_state                     202E
        previous_follow_state               2030
        turn_90_state                       NOT NEEDED
        follow_BlackLine                    83FE
        ?setjmp_save_r4                     NOT NEEDED
        ?setjmp_save_r5                     NOT NEEDED
        TB3CCR1                             0454
        TB3CCR1_H                           0455
        TB3CCR1_L                           0454
        TB3CCR2                             0456
        TB3CCR2_H                           0457
        TB3CCR2_L                           0456
        TB3CCR3                             0458
        TB3CCR3_H                           0459
        TB3CCR3_L                           0458
        TB3CCR4                             045A
        TB3CCR4_H                           045B
        TB3CCR4_L                           045A
init ( C:\Users\LittleRandom\Documents\NCSU\3_Junior\Spring Term 2020\ECE 306\Projects\Project 06\Debug\Obj\init.r43 )
        _A_ADCCTL0_L                        0700
        _A_ADCCTL1_L                        0702
        _A_ADCCTL2_L                        0704
        _A_ADCMCTL0_L                       070A
        _A_ADCIE_L                          071A
        _A_PM5CTL0_L                        NOT NEEDED
        _A_TB0CTL_L                         0380
        _A_TB0CCTL0_L                       0382
        _A_TB0CCTL1_L                       0384
        _A_TB0CCTL2_L                       0386
        _A_TB0CCR0_L                        0392
        _A_TB0CCR1_L                        0394
        _A_TB0CCR2_L                        0396
        _A_TB0EX0_L                         03A0
        _A_TB3CTL_L                         0440
        _A_TB3CCTL1_L                       0444
        _A_TB3CCTL2_L                       0446
        _A_TB3CCTL3_L                       0448
        _A_TB3CCTL4_L                       044A
        _A_TB3CCR0_L                        0452
        _A_TB3CCR1_L                        NOT NEEDED
        _A_TB3CCR2_L                        NOT NEEDED
        _A_TB3CCR3_L                        NOT NEEDED
        _A_TB3CCR4_L                        NOT NEEDED
        Init_All                            9120
        Init_Ports                          9178
        Init_Conditions                     8E5A
        Init_Timers                         9340
        Init_ADC                            8BFA
        Init_Timer_B0                       8F02
        Init_Timer_B3                       8FD4
        ?setjmp_save_r4                     NOT NEEDED
        ?setjmp_save_r5                     NOT NEEDED
        ADCCTL0                             0700
        ADCCTL0_H                           0701
        ADCCTL0_L                           0700
        ADCCTL1                             0702
        ADCCTL1_H                           0703
        ADCCTL1_L                           0702
        ADCCTL2                             0704
        ADCCTL2_H                           0705
        ADCCTL2_L                           0704
        ADCMCTL0                            070A
        ADCMCTL0_H                          070B
        ADCMCTL0_L                          070A
        ADCIE                               071A
        ADCIE_H                             071B
        ADCIE_L                             071A
        PM5CTL0                             0130
        PM5CTL0_H                           0131
        PM5CTL0_L                           0130
        TB0CTL                              0380
        TB0CTL_H                            0381
        TB0CTL_L                            0380
        TB0CCTL0                            0382
        TB0CCTL0_H                          0383
        TB0CCTL0_L                          0382
        TB0CCTL1                            0384
        TB0CCTL1_H                          0385
        TB0CCTL1_L                          0384
        TB0CCTL2                            0386
        TB0CCTL2_H                          0387
        TB0CCTL2_L                          0386
        TB0CCR0                             0392
        TB0CCR0_H                           0393
        TB0CCR0_L                           0392
        TB0CCR1                             0394
        TB0CCR1_H                           0395
        TB0CCR1_L                           0394
        TB0CCR2                             0396
        TB0CCR2_H                           0397
        TB0CCR2_L                           0396
        TB0EX0                              03A0
        TB0EX0_H                            03A1
        TB0EX0_L                            03A0
        TB3CTL                              0440
        TB3CTL_H                            0441
        TB3CTL_L                            0440
        TB3CCTL1                            0444
        TB3CCTL1_H                          0445
        TB3CCTL1_L                          0444
        TB3CCTL2                            0446
        TB3CCTL2_H                          0447
        TB3CCTL2_L                          0446
        TB3CCTL3                            0448
        TB3CCTL3_H                          0449
        TB3CCTL3_L                          0448
        TB3CCTL4                            044A
        TB3CCTL4_H                          044B
        TB3CCTL4_L                          044A
        TB3CCR0                             0452
        TB3CCR0_H                           0453
        TB3CCR0_L                           0452
        TB3CCR1                             0454
        TB3CCR1_H                           0455
        TB3CCR1_L                           0454
        TB3CCR2                             0456
        TB3CCR2_H                           0457
        TB3CCR2_L                           0456
        TB3CCR3                             0458
        TB3CCR3_H                           0459
        TB3CCR3_L                           0458
        TB3CCR4                             045A
        TB3CCR4_H                           045B
        TB3CCR4_L                           045A
interrupts_ADC ( C:\Users\LittleRandom\Documents\NCSU\3_Junior\Spring Term 2020\ECE 306\Projects\Project 06\Debug\Obj\interrupts_ADC.r43 )
        _A_ADCCTL0_L                        NOT NEEDED
        _A_ADCMCTL0_L                       NOT NEEDED
        _A_ADCMEM0_L                        0712
        _A_ADCIV_L                          071E
        ADC_Channel                         2032
        ADC_Thumb                           2034
        ADC_Left_Detect                     2036
        ADC_Right_Detect                    2038
        penis                               809A
        penis::??INTVEC 58                  FFDC
        ?setjmp_save_r4                     NOT NEEDED
        ?setjmp_save_r5                     NOT NEEDED
        ADCCTL0                             0700
        ADCCTL0_H                           0701
        ADCCTL0_L                           0700
        ADCMCTL0                            070A
        ADCMCTL0_H                          070B
        ADCMCTL0_L                          070A
        ADCMEM0                             0712
        ADCMEM0_H                           0713
        ADCMEM0_L                           0712
        ADCIV                               071E
        ADCIV_H                             071F
        ADCIV_L                             071E
interrupts_ports ( C:\Users\LittleRandom\Documents\NCSU\3_Junior\Spring Term 2020\ECE 306\Projects\Project 06\Debug\Obj\interrupts_ports.r43 )
        _A_PAIE_L                           021A
        _A_PAIFG_L                          021C
        _A_PBIE_L                           023A
        _A_PBIFG_L                          023C
        IR_LED_ONOFF                        203A
        button_on                           NOT NEEDED
        switchP4_interrupt                  812E
        switchP2_interrupt                  8152
        switchP4_interrupt::??INTVEC 44     FFCE
        switchP2_interrupt::??INTVEC 48     FFD2
        ?setjmp_save_r4                     NOT NEEDED
        ?setjmp_save_r5                     NOT NEEDED
        PAIE                                021A
        PAIE_H                              021B
        PAIE_L                              021A
        PAIFG                               021C
        PAIFG_H                             021D
        PAIFG_L                             021C
        PBIE                                023A
        PBIE_H                              023B
        PBIE_L                              023A
        PBIFG                               023C
        PBIFG_H                             023D
        PBIFG_L                             023C
interrupts_timers ( C:\Users\LittleRandom\Documents\NCSU\3_Junior\Spring Term 2020\ECE 306\Projects\Project 06\Debug\Obj\interrupts_timers.r43 )
        _A_PAIE_L                           NOT NEEDED
        _A_PBIE_L                           NOT NEEDED
        _A_TB0CCR0_L                        NOT NEEDED
        _A_TB0CCR1_L                        NOT NEEDED
        _A_TB0CCR2_L                        NOT NEEDED
        _A_TB0IV_L                          03AE
        display_counter                     203C
        counter                             2000
        blackline_counter                   2040
        debounce_count                      2042
        debounce_counter_SW1                2002
        debounce_counter_SW2                2044
        pulse                               2046
        ready_to_move_counter               2048
        follow_counter                      204A
        clock                               204C
        TimerB0_0_ISR                       818E
        TIMERB0_1_ISR                       81B6
        TIMERB0_1_ISR::??INTVEC 84          FFF6
        TimerB0_0_ISR::??INTVEC 86          FFF8
        ?setjmp_save_r4                     NOT NEEDED
        ?setjmp_save_r5                     NOT NEEDED
        PAIE                                021A
        PAIE_H                              021B
        PAIE_L                              021A
        PBIE                                023A
        PBIE_H                              023B
        PBIE_L                              023A
        TB0CCR0                             0392
        TB0CCR0_H                           0393
        TB0CCR0_L                           0392
        TB0CCR1                             0394
        TB0CCR1_H                           0395
        TB0CCR1_L                           0394
        TB0CCR2                             0396
        TB0CCR2_H                           0397
        TB0CCR2_L                           0396
        TB0IV                               03AE
        TB0IV_H                             03AF
        TB0IV_L                             03AE
LCD ( C:\Users\LittleRandom\Documents\NCSU\3_Junior\Spring Term 2020\ECE 306\Projects\Project 06\Compiled\LCD.r43 )
        _A_PBOUT_L                          0222
        _A_TB0CCTL2_L                       NOT NEEDED
        _A_TB0CCR2_L                        NOT NEEDED
        _A_UCB1CTLW0_L                      05C0
        _A_UCB1BRW_L                        05C6
        _A_UCB1RXBUF_L                      05CC
        _A_UCB1TXBUF_L                      05CE
        _A_UCB1IFG_L                        05EC
        current_character                   2081
        update_display_count                204E
        display_update_time                 NOT NEEDED
        update_display                      2082
        display_changed                     2083
        lcd_control                         NOT NEEDED
        display_line                        2084
        display                             2050
        posi_L1                             NOT NEEDED
        posi_L2                             NOT NEEDED
        posi_L3                             NOT NEEDED
        posi_L4                             NOT NEEDED
        char_count                          NOT NEEDED
        current_line                        NOT NEEDED
        LCD_test                            NOT NEEDED
        spi_chipselect_idle                 92F4
        spi_chipselect_active               9328
        spi_reset_idle                      9364
        spi_reset_active                    936A
        Display_Process                     90FE
        Display_Update                      8F4C
        enable_display_update               NOT NEEDED
        update_string                       9140
        Init_LCD                            8836
        lcd_4line                           NOT NEEDED
        lcd_BIG_mid                         NOT NEEDED
        lcd_out                             90DA
        lcd_puts                            NOT NEEDED
        WriteIns                            908E
        WriteData                           90B4
        CheckBusy                           NOT NEEDED
        ClrDisplay                          91EE
        ClrDisplay_Buffer_0                 92A6
        ClrDisplay_Buffer_1                 927E
        ClrDisplay_Buffer_2                 922E
        ClrDisplay_Buffer_3                 921A
        SetPostion                          NOT NEEDED
        DisplayOnOff                        92CE
        Init_SPI_B1                         9014
        SPI_B1_write                        915C
        ?setjmp_save_r4                     NOT NEEDED
        ?setjmp_save_r5                     NOT NEEDED
        PBOUT                               0222
        PBOUT_H                             0223
        PBOUT_L                             0222
        TB0CCTL2                            0386
        TB0CCTL2_H                          0387
        TB0CCTL2_L                          0386
        TB0CCR2                             0396
        TB0CCR2_H                           0397
        TB0CCR2_L                           0396
        UCB1CTLW0                           05C0
        UCB1CTLW0_H                         05C1
        UCB1CTLW0_L                         05C0
        UCB1BRW                             05C6
        UCB1BRW_H                           05C7
        UCB1BRW_L                           05C6
        UCB1RXBUF                           05CC
        UCB1RXBUF_H                         05CD
        UCB1RXBUF_L                         05CC
        UCB1TXBUF                           05CE
        UCB1TXBUF_H                         05CF
        UCB1TXBUF_L                         05CE
        UCB1IFG                             05EC
        UCB1IFG_H                           05ED
        UCB1IFG_L                           05EC
LCD_intro ( C:\Users\LittleRandom\Documents\NCSU\3_Junior\Spring Term 2020\ECE 306\Projects\Project 06\Debug\Obj\LCD_intro.r43 )
        LCD_intro                           NOT NEEDED
        ?setjmp_save_r4                     NOT NEEDED
        ?setjmp_save_r5                     NOT NEEDED
led ( C:\Users\LittleRandom\Documents\NCSU\3_Junior\Spring Term 2020\ECE 306\Projects\Project 06\Debug\Obj\led.r43 )
        _A_PAOUT_L                          0202
        _A_PBOUT_L                          NOT NEEDED
        _A_PCOUT_L                          0242
        Init_LEDs                           9334
        Grn_LED_on                          9348
        Red_LED_on                          9370
        Grn_LED_off                         9350
        Red_LED_off                         935E
        toggle_IR_LED                       926A
        ?setjmp_save_r4                     NOT NEEDED
        ?setjmp_save_r5                     NOT NEEDED
        PAOUT                               0202
        PAOUT_H                             0203
        PAOUT_L                             0202
        PBOUT                               0222
        PBOUT_H                             0223
        PBOUT_L                             0222
        PCOUT                               0242
        PCOUT_H                             0243
        PCOUT_L                             0242
main ( C:\Users\LittleRandom\Documents\NCSU\3_Junior\Spring Term 2020\ECE 306\Projects\Project 06\Debug\Obj\main.r43 )
        main                                9192
        ?setjmp_save_r4                     NOT NEEDED
        ?setjmp_save_r5                     NOT NEEDED
movement ( C:\Users\LittleRandom\Documents\NCSU\3_Junior\Spring Term 2020\ECE 306\Projects\Project 06\Debug\Obj\movement.r43 )
        _A_TB3CCR1_L                        NOT NEEDED
        _A_TB3CCR2_L                        NOT NEEDED
        _A_TB3CCR3_L                        NOT NEEDED
        _A_TB3CCR4_L                        NOT NEEDED
        stop_car                            92E2
        car_forward_slow                    91C2
        car_forward_medium                  91D8
        car_forward_fast                    9204
        right_forward_slow                  NOT NEEDED
        right_forward_medium                NOT NEEDED
        right_forward_fast                  NOT NEEDED
        left_forward_slow                   NOT NEEDED
        left_forward_medium                 NOT NEEDED
        left_forward_fast                   NOT NEEDED
        move_clockwise                      NOT NEEDED
        move_clockwise_follow               9292
        move_clockwise_slowly               9256
        move_counterclockwise_follow        9242
        move_counterclockwise               NOT NEEDED
        ?setjmp_save_r4                     NOT NEEDED
        ?setjmp_save_r5                     NOT NEEDED
        TB3CCR1                             0454
        TB3CCR1_H                           0455
        TB3CCR1_L                           0454
        TB3CCR2                             0456
        TB3CCR2_H                           0457
        TB3CCR2_L                           0456
        TB3CCR3                             0458
        TB3CCR3_H                           0459
        TB3CCR3_L                           0458
        TB3CCR4                             045A
        TB3CCR4_H                           045B
        TB3CCR4_L                           045A
ports ( C:\Users\LittleRandom\Documents\NCSU\3_Junior\Spring Term 2020\ECE 306\Projects\Project 06\Debug\Obj\ports.r43 )
        _A_PAOUT_L                          NOT NEEDED
        _A_PADIR_L                          0204
        _A_PAREN_L                          0206
        _A_PASEL0_L                         020A
        _A_PASEL1_L                         020C
        _A_PAIES_L                          0218
        _A_PAIE_L                           NOT NEEDED
        _A_PAIFG_L                          NOT NEEDED
        _A_PBOUT_L                          NOT NEEDED
        _A_PBDIR_L                          0224
        _A_PBREN_L                          0226
        _A_PBSEL0_L                         022A
        _A_PBSEL1_L                         022C
        _A_PBIES_L                          0238
        _A_PBIE_L                           NOT NEEDED
        _A_PBIFG_L                          NOT NEEDED
        _A_PCOUT_L                          NOT NEEDED
        _A_PCDIR_L                          0244
        _A_PCSEL0_L                         024A
        _A_PCSEL1_L                         024C
        Init_Port1                          8DA0
        Init_Port2                          8966
        Init_Port3                          88D2
        Init_Port4                          89F0
        Init_Port5                          9052
        Init_Port6                          8B7E
        ?setjmp_save_r4                     NOT NEEDED
        ?setjmp_save_r5                     NOT NEEDED
        PAOUT                               0202
        PAOUT_H                             0203
        PAOUT_L                             0202
        PADIR                               0204
        PADIR_H                             0205
        PADIR_L                             0204
        PAREN                               0206
        PAREN_H                             0207
        PAREN_L                             0206
        PASEL0                              020A
        PASEL0_H                            020B
        PASEL0_L                            020A
        PASEL1                              020C
        PASEL1_H                            020D
        PASEL1_L                            020C
        PAIES                               0218
        PAIES_H                             0219
        PAIES_L                             0218
        PAIE                                021A
        PAIE_H                              021B
        PAIE_L                              021A
        PAIFG                               021C
        PAIFG_H                             021D
        PAIFG_L                             021C
        PBOUT                               0222
        PBOUT_H                             0223
        PBOUT_L                             0222
        PBDIR                               0224
        PBDIR_H                             0225
        PBDIR_L                             0224
        PBREN                               0226
        PBREN_H                             0227
        PBREN_L                             0226
        PBSEL0                              022A
        PBSEL0_H                            022B
        PBSEL0_L                            022A
        PBSEL1                              022C
        PBSEL1_H                            022D
        PBSEL1_L                            022C
        PBIES                               0238
        PBIES_H                             0239
        PBIES_L                             0238
        PBIE                                023A
        PBIE_H                              023B
        PBIE_L                              023A
        PBIFG                               023C
        PBIFG_H                             023D
        PBIFG_L                             023C
        PCOUT                               0242
        PCOUT_H                             0243
        PCOUT_L                             0242
        PCDIR                               0244
        PCDIR_H                             0245
        PCDIR_L                             0244
        PCSEL0                              024A
        PCSEL0_H                            024B
        PCSEL0_L                            024A
        PCSEL1                              024C
        PCSEL1_H                            024D
        PCSEL1_L                            024C
scratch ( C:\Users\LittleRandom\Documents\NCSU\3_Junior\Spring Term 2020\ECE 306\Projects\Project 06\Debug\Obj\scratch.r43 )
        ?setjmp_save_r4                     NOT NEEDED
        ?setjmp_save_r5                     NOT NEEDED
switches ( C:\Users\LittleRandom\Documents\NCSU\3_Junior\Spring Term 2020\ECE 306\Projects\Project 06\Debug\Obj\switches.r43 )
        Switches_Process                    9382
        ?setjmp_save_r4                     NOT NEEDED
        ?setjmp_save_r5                     NOT NEEDED
system ( C:\Users\LittleRandom\Documents\NCSU\3_Junior\Spring Term 2020\ECE 306\Projects\Project 06\Debug\Obj\system.r43 )
        enable_interrupts                   9358
        ?setjmp_save_r4                     NOT NEEDED
        ?setjmp_save_r5                     NOT NEEDED
update_display_state ( C:\Users\LittleRandom\Documents\NCSU\3_Junior\Spring Term 2020\ECE 306\Projects\Project 06\Debug\Obj\update_display_state.r43 )
        switch_toggle                       2058
        movement_states                     205A
        T_thousands                         20B0
        T_hundreds                          20B1
        T_tens                              20B2
        T_ones                              20B3
        R_thousands                         20B4
        R_hundreds                          20B5
        R_tens                              20B6
        R_ones                              20B7
        L_thousands                         20B8
        L_hundreds                          20B9
        L_tens                              20BA
        L_ones                              20BB
        update_display_state                8208
        ?setjmp_save_r4                     NOT NEEDED
        ?setjmp_save_r5                     NOT NEEDED
?abort ( C:\Program Files (x86)\IAR Systems\Embedded Workbench 8.0\430\lib\dlib\dl430xlsfn.r43 )
        abort                               NOT NEEDED
?__dbg_break ( C:\Program Files (x86)\IAR Systems\Embedded Workbench 8.0\430\lib\dlib\dl430xlsfn.r43 )
        __DebugBreak                        9384
?__dwrite ( C:\Program Files (x86)\IAR Systems\Embedded Workbench 8.0\430\lib\dlib\dl430xlsfn.r43 )
        __dwrite                            NOT NEEDED
?__exit ( C:\Program Files (x86)\IAR Systems\Embedded Workbench 8.0\430\lib\dlib\dl430xlsfn.r43 )
        __exit                              92BA
?__write ( C:\Program Files (x86)\IAR Systems\Embedded Workbench 8.0\430\lib\dlib\dl430xlsfn.r43 )
        __write                             NOT NEEDED
?_exit ( C:\Program Files (x86)\IAR Systems\Embedded Workbench 8.0\430\lib\dlib\dl430xlsfn.r43 )
        _exit                               937A
        __cstart_call_dtors                 NOT NEEDED
        __cstart_closeall                   NOT NEEDED
        __cstart_clearlocks                 NOT NEEDED
?cppinit ( C:\Program Files (x86)\IAR Systems\Embedded Workbench 8.0\430\lib\dlib\dl430xlsfn.r43 )
        __call_ctors                        NOT NEEDED
        __alloc_record_needed_destruction   NOT NEEDED
        __record_needed_destruction         NOT NEEDED
        __call_dtors                        NOT NEEDED
        __data16_vec_cctor                  NOT NEEDED
?cstart ( C:\Program Files (x86)\IAR Systems\Embedded Workbench 8.0\430\lib\dlib\dl430xlsfn.r43 )
        __program_start                     8072
        ?cstart_begin                       8072
        ?cstart_call_mpu_init               NOT NEEDED
        ?cstart_call_frwp_init              NOT NEEDED
        ?cstart_call_low_level_init         NOT NEEDED
        ?cstart_init_copy_ramfunc           NOT NEEDED
        ?cstart_init_zero                   8076
        ?cstart_init_copy                   8082
        ?cstart_init_zero20                 NOT NEEDED
        ?cstart_init_copy20                 NOT NEEDED
        __cstart_init_tls                   NOT NEEDED
        ?cstart_call_ctors                  NOT NEEDED
        ?cstart_call_main                   8092
        ?cstart_end                         809A
lowinit ( C:\Program Files (x86)\IAR Systems\Embedded Workbench 8.0\430\lib\dlib\dl430xlsfn.r43 )
        __low_level_init                    NOT NEEDED
?reset_vector ( C:\Program Files (x86)\IAR Systems\Embedded Workbench 8.0\430\lib\dlib\dl430xlsfn.r43 )
        ?reset_vector                       FFFE
?exit ( C:\Program Files (x86)\IAR Systems\Embedded Workbench 8.0\430\lib\dlib\dl430xlsfn.r43 )
        exit                                9376
?FrwpInit ( C:\Program Files (x86)\IAR Systems\Embedded Workbench 8.0\430\lib\dlib\dl430xlsfn.r43 )
        __iar_430_frwp_init                 NOT NEEDED
?malloc ( C:\Program Files (x86)\IAR Systems\Embedded Workbench 8.0\430\lib\dlib\dl430xlsfn.r43 )
        malloc                              NOT NEEDED
?memcpy ( C:\Program Files (x86)\IAR Systems\Embedded Workbench 8.0\430\lib\dlib\dl430xlsfn.r43 )
        memcpy                              9306
?memmove ( C:\Program Files (x86)\IAR Systems\Embedded Workbench 8.0\430\lib\dlib\dl430xlsfn.r43 )
        memmove                             NOT NEEDED
?memzero ( C:\Program Files (x86)\IAR Systems\Embedded Workbench 8.0\430\lib\dlib\dl430xlsfn.r43 )
        __data16_memzero                    9318
        __data16_memcpy                     937E
        __data16_memmove                    NOT NEEDED
?MpuInit ( C:\Program Files (x86)\IAR Systems\Embedded Workbench 8.0\430\lib\dlib\dl430xlsfn.r43 )
        __iar_430_mpu_init                  NOT NEEDED
        ?mpu1_4k_init                       NOT NEEDED
        ?mpu1_8k_init                       NOT NEEDED
        ?mpu1_16k_init                      NOT NEEDED
        ?mpu2_init                          NOT NEEDED
?setjmp ( C:\Program Files (x86)\IAR Systems\Embedded Workbench 8.0\430\lib\dlib\dl430xlsfn.r43 )
        setjmp                              NOT NEEDED
        ?setjmp_r5                          NOT NEEDED
        ?setjmp_r4                          NOT NEEDED
        ?setjmp_end                         NOT NEEDED
?longjmp ( C:\Program Files (x86)\IAR Systems\Embedded Workbench 8.0\430\lib\dlib\dl430xlsfn.r43 )
        longjmp                             NOT NEEDED
        ?longjmp_r5                         NOT NEEDED
        ?longjmp_r4                         NOT NEEDED
        ?longjmp_end                        NOT NEEDED
?IndCallR11 ( C:\Program Files (x86)\IAR Systems\Embedded Workbench 8.0\430\lib\dlib\dl430xlsfn.r43 )
        ?IndCallR11                         NOT NEEDED
?IndCallR15 ( C:\Program Files (x86)\IAR Systems\Embedded Workbench 8.0\430\lib\dlib\dl430xlsfn.r43 )
        ?IndCallR15                         NOT NEEDED
?strcpy ( C:\Program Files (x86)\IAR Systems\Embedded Workbench 8.0\430\lib\dlib\dl430xlsfn.r43 )
        strcpy                              NOT NEEDED
?xcloseall ( C:\Program Files (x86)\IAR Systems\Embedded Workbench 8.0\430\lib\dlib\dl430xlsfn.r43 )
        _Close_all                          NOT NEEDED
?xgetmemchunk ( C:\Program Files (x86)\IAR Systems\Embedded Workbench 8.0\430\lib\dlib\dl430xlsfn.r43 )
        __data16_GetMemChunk                NOT NEEDED
?xxmemxfree ( C:\Program Files (x86)\IAR Systems\Embedded Workbench 8.0\430\lib\dlib\dl430xlsfn.r43 )
        __data16_free                       NOT NEEDED
?xxmemxmalloc ( C:\Program Files (x86)\IAR Systems\Embedded Workbench 8.0\430\lib\dlib\dl430xlsfn.r43 )
        __data16_Aldata                     NOT NEEDED
        __data16_malloc                     NOT NEEDED
        __data16_findmem                     LOCAL, NOT NEEDED


                ****************************************
                *                                      *
                *            MODULE SUMMARY            *
                *                                      *
                ****************************************

Module                 CODE      DATA      CONST
------                 ----      ----      -----
                      (Rel)  (Rel)  (Abs)  (Rel)
?__dbg_break              2
?__exit                  20
?_exit                    4
?cstart                  40
?exit                     4
?memcpy                  18
?memzero                 20
?reset_vector             2
LCD                     654     57     10
  + shared                              2
blackline               448      6
clocks                  320            18
  + shared                              2
convert_ADC_HEX         668     73
follow_black_line       480      4
  + shared                              8
init                    400            26
  + shared                             12
interrupts_ADC          148      8      4
  + common               60
interrupts_ports         96      2
  + shared               50             8
  + common
interrupts_timers       122     22      2      4
  + common               88
led                      60
  + shared                              4
main                     24
movement                144
ports                   702            26
switches                  2
system                    6
update_display_state    502     16           110
N/A (command line)             160
N/A (alignment)
----------            -----    ---    ---    ---
Total:                4 886    348    122    114
  + common               88


                ****************************************
                *                                      *
                *      SEGMENTS IN ADDRESS ORDER       *
                *                                      *
                ****************************************


SEGMENT              SPACE    START ADDRESS   END ADDRESS     SIZE  TYPE  ALIGN
=======              =====    =============   ===========     ====  ====  =====
DATA16_AN                              0102 - 0103               2   rel    0
                                       0130 - 0131               2 
                                       0180 - 018B               C 
                                       018E - 018F               2 
                                       01CC - 01CD               2 
                                       0202 - 0207               6 
                                       020A - 020D               4 
                                       0218 - 021D               6 
                                       0222 - 0227               6 
                                       022A - 022D               4 
                                       0238 - 023D               6 
                                       0242 - 0245               4 
                                       024A - 024D               4 
                                       0380 - 0387               8 
                                       0392 - 0397               6 
                                       03A0 - 03A1               2 
                                       03AE - 03AF               2 
                                       0440 - 0441               2 
                                       0444 - 044B               8 
                                       0452 - 045B               A 
                                       05C0 - 05C1               2 
                                       05C6 - 05C7               2 
                                       05CC - 05CF               4 
                                       05EC - 05ED               2 
                                       0700 - 0705               6 
                                       070A - 070B               2 
                                       0712 - 0713               2 
                                       071A - 071B               2 
                                       071E - 071F               2 
DATA16_I                               2000 - 2003               4   rel    1
DATA16_Z                               2004 - 20BB              B8   rel    1
CODE_I                                    20BC                       rel    1
DATA20_I                                  20BC                       rel    1
DATA20_Z                                  20BC                       rel    1
DATA20_N                                  20BC                       rel    1
CSTACK                                 2F60 - 2FFF              A0   rel    1
DATA16_C                               8000 - 806D              6E   rel    0
DATA16_ID                              806E - 8071               4   rel    1
DATA20_C                                  8072                       rel    1
DATA20_ID                                 8072                       rel    1
CSTART                                 8072 - 8099              28   rel    1
ISR_CODE                               809A - 8207             16E   rel    1
CODE_ID                                   8208                       rel    1
<CODE> 1                               8208 - 9385            117E   rel    1
INTVEC                                 FFA2 - FFF9              58   com    1
RESET                                  FFFE - FFFF               2   rel    1

                ****************************************
                *                                      *
                *        END OF CROSS REFERENCE        *
                *                                      *
                ****************************************

 4 974 bytes of CODE  memory
   348 bytes of DATA  memory (+ 122 absolute )
   114 bytes of CONST memory

Errors: none
Warnings: none

