###############################################################################
#
# IAR C/C++ Compiler V7.12.3.989/W32 for MSP430           19/Feb/2020  20:05:41
# Copyright 1996-2019 IAR Systems AB.
# PC-locked license - IAR Embedded Workbench for MSP430, 8K KickStart Edition 7.12
#
#    __rt_version  =  3
#    __double_size =  32
#    __reg_r4      =  free
#    __reg_r5      =  free
#    __pic         =  no
#    __core        =  430X
#    __data_model  =  small
#    __code_model  =  large
#    Source file   =  
#        C:\Users\LittleRandom\Documents\NCSU\3_Junior\Spring Term 2020\ECE
#        306\Homework\Homework 06\update_display.c
#    Command line  =  
#        -f C:\Users\LITTLE~1\AppData\Local\Temp\EW1BB2.tmp
#        ("C:\Users\LittleRandom\Documents\NCSU\3_Junior\Spring Term 2020\ECE
#        306\Homework\Homework 06\update_display.c" -lC
#        "C:\Users\LittleRandom\Documents\NCSU\3_Junior\Spring Term 2020\ECE
#        306\Homework\Homework 06\Debug\List" -o
#        "C:\Users\LittleRandom\Documents\NCSU\3_Junior\Spring Term 2020\ECE
#        306\Homework\Homework 06\Debug\Obj" --no_cse --no_unroll --no_inline
#        --no_code_motion --no_tbaa --debug -D__MSP430FR2355__ -e --double=32
#        --dlib_config "C:\Program Files (x86)\IAR Systems\Embedded Workbench
#        8.0\430\lib\dlib\dl430xlsfn.h" -I ./\ --core=430X --data_model=small
#        -On --multiplier=32 --hw_workaround=CPU40 --code_model=large)
#    Locale        =  English_USA.1252
#    List file     =  
#        C:\Users\LittleRandom\Documents\NCSU\3_Junior\Spring Term 2020\ECE
#        306\Homework\Homework 06\Debug\List\update_display.lst
#    Object file   =  
#        C:\Users\LittleRandom\Documents\NCSU\3_Junior\Spring Term 2020\ECE
#        306\Homework\Homework 06\Debug\Obj\update_display.r43
#
###############################################################################

C:\Users\LittleRandom\Documents\NCSU\3_Junior\Spring Term 2020\ECE 306\Homework\Homework 06\update_display.c
      1          #include  <string.h>
      2          #include "msp430.h"
      3          #include "msp430fr2355.h"
      4          #include "macros.h"
      5          #include "functions.h"
      6          
      7          extern char display_line[NUM_LINE][DISPLAY_NUM_INDEX];
      8          extern char *display[NUM_LINE];

   \                                 In  segment DATA16_Z, align 1, align-sorted
   \   000000                REQUIRE ?cstart_init_zero
      9          unsigned char display_mode;
   \                     display_mode:
   \   000000                DS8 1
     10          extern volatile unsigned char display_changed;
     11          extern volatile unsigned char update_display;
     12          extern volatile unsigned int update_display_count;
     13          extern char state[];
     14          

   \                                 In  segment CODE, align 2
     15          void update_displays(void){
   \                     update_displays:
     16            
     17          
     18            
     19          }
   \   000000   1001         RETA

   Maximum stack usage in bytes:

   CSTACK Function
   ------ --------
      4   update_displays


   Segment part sizes:

   Bytes  Function/Label
   -----  --------------
       1  display_mode
       2  update_displays

 
 2 bytes in segment CODE
 1 byte  in segment DATA16_Z
 
 2 bytes of CODE memory
 1 byte  of DATA memory

Errors: none
Warnings: none
